<?xml version="1.0" encoding="utf-8"?><testsuites><testsuite name="pytest" errors="0" failures="0" skipped="0" tests="4" time="9.305" timestamp="2023-01-21T19:49:37.137213" hostname="DESKTOP-5E61TVS"><testcase classname="test_submit.TestOne" name="testValid[getData0]" time="6.665" /><testcase classname="test_submit.TestOne" name="testValid[getData1]" time="0.720" /><testcase classname="test_submit.TestOne" name="testValid[getData2]" time="0.879" /><testcase classname="test_submit.TestOne" name="testValid[getData3]" time="0.991" /></testsuite></testsuites>